Building jaspr for static rendering mode.
Γáï Building web assets......
ΓáÖ Building web assets...... (2ms)
[BUILDER] Running Options: {--delete-conflicting-outputs, --define=build_web_compilers:ddc=generate-full-dill=true, --define=build_web_compilers:entrypoint=compiler=dartdevc, --define=build_web_compilers:ddc=environment={"jaspr.flags.verbose":false}, --build-mode=BuildMode.Auto}
[BUILDER] Requested Options: {--release, --verbose, --delete-conflicting-outputs, --define=build_web_compilers:entrypoint=compiler=dart2js, --define=build_web_compilers:entrypoint=dart2js_args=["-Djaspr.flags.release=true","-O2"], --build-mode=BuildMode.Auto}
jaspr : Error: Instance 
of 'OptionsSkew'
At line:1 char:1
+ jaspr build > 
build_output.txt 2>&1
+ ~~~~~~~~~~~~~~~~~~~~~~~~
~~~~~~~~~~~
    + CategoryInfo        
      : NotSpecified: (E  
  rror: Instance of 'Op   
 tionsSkew':String) []    
, RemoteException
    + FullyQualifiedError 
   Id : NativeCommandErr  
  or
 
Stack trace: #0      
_handleDaemonStartup (pack
age:build_daemon/client.da
rt:84:5)
<asynchronous suspension>
#1      
BuildDaemonClient.connect 
(package:build_daemon/clie
nt.dart:177:5)
<asynchronous suspension>
#2      
BuildCommand._buildWeb (pa
ckage:jaspr_cli/src/comman
ds/build_command.dart:476:
20)
<asynchronous suspension>
#3      
BuildCommand.runCommand (p
ackage:jaspr_cli/src/comma
nds/build_command.dart:155
:26)
<asynchronous suspension>
#4      BaseCommand.run (p
ackage:jaspr_cli/src/comma
nds/base_command.dart:53:2
2)
<asynchronous suspension>
#5      
CommandRunner.runCommand (
package:args/command_runne
r.dart:212:13)
<asynchronous suspension>
#6      JasprCommandRunner
.runCommand (package:jaspr
_cli/src/command_runner.da
rt:98:16)
<asynchronous suspension>
#7      
JasprCommandRunner.run (pa
ckage:jaspr_cli/src/comman
d_runner.dart:52:14)
<asynchronous suspension>
#8      main (file:///C:/U
sers/Vatsal/AppData/Local/
Pub/Cache/hosted/pub.dev/j
aspr_cli-0.22.4/bin/jaspr.
dart:7:20)
<asynchronous suspension>

